---
source: crates/slay-tui/tests/scripts.rs
expression: output
---
Slay the Spire
⚙️  debug mode

🗺️  Map
🪙 0   ❤️  80/80   🃏 0 cards

    5. 💀 Boss
    4. 🔥 Rest Site
    3. ⚔️  Combat
    2. ⚔️  Combat
  ▶ 1. ⚔️  Combat

[Enter ↵] ⚔️  Combat
# Spawn a louse and end the turn without playing cards.
# Verifies the initial combat render and enemy attack.
> spawn louse

🗺️  Map
🪙 0   ❤️  80/80   🃏 0 cards

    5. 💀 Boss
    4. 🔥 Rest Site
    3. ⚔️  Combat
    2. ⚔️  Combat
  ▶ 1. ⚔️  Combat

[Enter ↵] ⚔️  Combat
> enter

🧙 You  ❤️  80/80  🛡️ 0  ⚡ 3/3  (Turn 1)
🐛 Louse ❤️  20/20  🛡️ 0  | ⚔️  Attack 8
🤚 Hand: (empty)
Commands: [1-1] play card  |  end / e  end turn  |  z draw  x discard  c exhaust
> end
⚔️  Enemy attacks 8.
👁  Enemy prepares: 🛡️  Defend 5.
─── Turn 2 ───

🧙 You  ❤️  72/80  🛡️ 0  ⚡ 3/3  (Turn 2)
🐛 Louse ❤️  20/20  🛡️ 0  | 🛡️  Defend 5
🤚 Hand: (empty)
Commands: [1-1] play card  |  end / e  end turn  |  z draw  x discard  c exhaust
